// Jest Snapshot v1, https://goo.gl/fbAQLP

exports[`should create Expense List Item component 1`] = `
<div>
  <Link
    replace={false}
    to="/edit/1"
  >
    <h3>
      Gum
    </h3>
  </Link>
  <p>
    Amount: $
    195
  </p>
  <p>
    Created At: 
    0
  </p>
</div>
`;
